select * from mysql.right;
select right from test.table;
select * from test.table where name='right';
